<?xml version="1.0" encoding="UTF-8"?>
<fs_response status="success" timestamp="2019-05-31 12:33:42">
<results>
<result id="4334118">
<metas><meta id="result_status">Complete</meta>
<meta id="login_username">Eberhard Partner</meta>
<meta id="date_start">2019-05-07 13:41:57</meta>
<meta id="date_finish">2019-05-07 14:49:41</meta>
<meta id="date_update">2019-05-07 14:49:41</meta>
<meta id="user_ip">85.22.92.98</meta>
<meta id="user_browser">Firefox</meta>
<meta id="user_os">Windows</meta>
<meta id="user_referrer">N/A</meta>
<meta id="payment_amount">0.00</meta>
</metas><items><item id="401" index="0" type="list">
<value index="0">I Accept</value>
</item>
<item id="141" index="3" type="list">
<value index="3">&gt;100</value>
</item>
<item id="330" index="4" type="list">
<value index="1">4 - 7 days</value>
</item>
<item id="333" index="5" type="list">
<value index="0">&#8804;10</value>
</item>
<item id="331" index="6" type="list">
<value index="0">Yes</value>
</item>
<item id="332" index="7" type="list">
<value index="0">ISO 15189</value>
</item>
<item id="334" index="8" type="list">
<value index="0">Sufficient</value>
</item>
<item id="335" index="9" type="file">
<value index="0">https://fs27.formsite.com/Diaceutics/files/f-31-335-4334118_bv3AoXME_BCRABL_ED_pos.doc</value>
</item>
<item id="336" index="10" type="file">
<value index="0">https://fs27.formsite.com/Diaceutics/files/f-31-336-4334118_AFWpZQ8I_BCRABL_ED_neg.doc</value>
</item>
<item id="338" index="13" type="list">
<value index="3">&gt;100</value>
</item>
<item id="339" index="14" type="list">
<value index="1">4 - 7 days</value>
</item>
<item id="340" index="15" type="list">
<value index="4">&gt;40</value>
</item>
<item id="341" index="16" type="list">
<value index="0">Yes</value>
</item>
<item id="342" index="17" type="list">
<value index="0">ISO 15189</value>
</item>
<item id="343" index="18" type="list">
<value index="0">Sufficient</value>
</item>
<item id="344" index="19" type="file">
<value index="0">https://fs27.formsite.com/Diaceutics/files/f-31-344-4334118_PFtce2gf_Verlauf_BCRABL_Pos.doc</value>
</item>
<item id="345" index="20" type="file">
<value index="0">https://fs27.formsite.com/Diaceutics/files/f-31-345-4334118_aj0gNFoY_Verlauf_BCRABL_Neg.doc</value>
</item>
<item id="347" index="23" type="list">
<value index="1">11 - 50</value>
</item>
<item id="348" index="24" type="list">
<value index="2">8 - 12 days</value>
</item>
<item id="349" index="25" type="list">
<value index="0">&#8804;10</value>
</item>
<item id="391" index="26" type="list">
<value index="1">11 - 20</value>
</item>
<item id="350" index="27" type="list">
<value index="1">No</value>
</item>
<item id="351" index="28" type="list">
<value index="0">ISO 15189</value>
</item>
<item id="352" index="29" type="list">
<value index="0">Sufficient</value>
</item>
<item id="353" index="30" type="file">
<value index="0">https://fs27.formsite.com/Diaceutics/files/f-31-353-4334118_QnuLs8fC_AML_mutated_in_DNMT3A_IDH2_CBL_SRSF2_NPM1.doc</value>
</item>
<item id="354" index="31" type="file">
<value index="0">https://fs27.formsite.com/Diaceutics/files/f-31-354-4334118_1fCtvdho_AML_MDS_neg_NPM1_FLT3_IDH_aber_ASXL1_EZH2_RUNX1_SETBP1_STAG2_ZRSR2_nebenbef_CSMD1_in_frame.doc</value>
</item>
<item id="356" index="34" type="list">
<value index="1">11 - 50</value>
</item>
<item id="357" index="35" type="list">
<value index="1">4 - 7 days</value>
</item>
<item id="358" index="36" type="list">
<value index="1">11 - 20</value>
</item>
<item id="359" index="37" type="list">
<value index="0">Yes</value>
</item>
<item id="360" index="38" type="list">
<value index="0">ISO 15189</value>
</item>
<item id="361" index="39" type="list">
<value index="0">Sufficient</value>
</item>
<item id="362" index="40" type="file">
<value index="0">https://fs27.formsite.com/Diaceutics/files/f-31-362-4334118_wrT7us1T_AML_FLT3-ITD_low_NPM1-A_KDM6A_PTPN11_DNMT3a.doc</value>
</item>
<item id="363" index="41" type="file">
<value index="0">https://fs27.formsite.com/Diaceutics/files/f-31-363-4334118_CAWJq1da_AML_MDS_neg_NPM1_FLT3_IDH_aber_ASXL1_EZH2_RUNX1_SETBP1_STAG2_ZRSR2_nebenbef_CSMD1_in_frame.doc</value>
</item>
<item id="365" index="44" type="list">
<value index="1">11 - 50</value>
</item>
<item id="366" index="45" type="list">
<value index="1">4 - 7 days</value>
</item>
<item id="367" index="46" type="list">
<value index="0">&#8804;10</value>
</item>
<item id="368" index="47" type="list">
<value index="1">No</value>
</item>
<item id="369" index="48" type="list">
<value index="0">ISO 15189</value>
</item>
<item id="370" index="49" type="list">
<value index="0">Sufficient</value>
</item>
<item id="371" index="50" type="file">
<value index="0">https://fs27.formsite.com/Diaceutics/files/f-31-371-4334118_LVlJFlnw_AML_REZ_mutated_DNMT3A_FLT3-TKD_NPM1_TypA_IDH1_PHF6.doc</value>
</item>
<item id="372" index="51" type="file">
<value index="0">https://fs27.formsite.com/Diaceutics/files/f-31-372-4334118_sJAN7xv4_AML_MDS_neg_NPM1_FLT3_IDH_aber_ASXL1_EZH2_RUNX1_SETBP1_STAG2_ZRSR2_nebenbef_CSMD1_in_frame.doc</value>
</item>
<item id="374" index="54" type="list">
<value index="3">&gt;100</value>
</item>
<item id="375" index="55" type="list">
<value index="3">&gt;12 days</value>
</item>
<item id="376" index="56" type="list">
<value index="3">31 - 40</value>
</item>
<item id="377" index="57" type="list">
<value index="0">Yes</value>
</item>
<item id="378" index="58" type="list">
<value index="0">ISO 15189</value>
</item>
<item id="379" index="59" type="list">
<value index="0">Sufficient</value>
</item>
<item id="380" index="60" type="file">
<value index="0">https://fs27.formsite.com/Diaceutics/files/f-31-380-4334118_I4NeMhBL_IGHV_ungnstig.doc</value>
</item>
<item id="381" index="61" type="file">
<value index="0">https://fs27.formsite.com/Diaceutics/files/f-31-381-4334118_4rETt0wI_IGHV_hypermutiert.doc</value>
</item>
<item id="383" index="64" type="list">
<value index="3">&gt;100</value>
</item>
<item id="384" index="65" type="list">
<value index="3">&gt;12 days</value>
</item>
<item id="385" index="66" type="list">
<value index="1">11 - 20</value>
</item>
<item id="386" index="67" type="list">
<value index="0">Yes</value>
</item>
<item id="387" index="68" type="list">
<value index="0">ISO 15189</value>
</item>
<item id="388" index="69" type="list">
<value index="0">Sufficient</value>
</item>
<item id="389" index="70" type="file">
<value index="0">https://fs27.formsite.com/Diaceutics/files/f-31-389-4334118_stMalK90_TP53_CLL_auffllig.doc</value>
</item>
<item id="390" index="71" type="file">
<value index="0">https://fs27.formsite.com/Diaceutics/files/f-31-390-4334118_rockHAtO_TP53_CLL_neg.doc</value>
</item>
</items></result>
<result id="4259634">
<metas><meta id="result_status">Complete</meta>
<meta id="login_username">Agendix</meta>
<meta id="date_start">2019-04-24 16:15:28</meta>
<meta id="date_finish">2019-04-24 16:23:54</meta>
<meta id="date_update">2019-04-24 16:23:54</meta>
<meta id="user_ip">109.41.131.187</meta>
<meta id="user_browser">Safari</meta>
<meta id="user_os">Mac</meta>
<meta id="user_referrer">https://fs27.formsite.com/Diaceutics/0m93ilhzv5/form_login.html</meta>
<meta id="payment_amount">0.00</meta>
</metas><items><item id="401" index="0" type="list">
<value index="0">I Accept</value>
</item>
<item id="141" index="3" type="list">
<value index="1">11 - 50</value>
</item>
<item id="330" index="4" type="list">
<value index="1">4 - 7 days</value>
</item>
<item id="333" index="5" type="list">
<value index="0">&#8804;10</value>
</item>
<item id="331" index="6" type="list">
<value index="0">Yes</value>
</item>
<item id="332" index="7" type="list">
<value index="0">ISO 15189</value>
</item>
<item id="334" index="8" type="list">
<value index="0">Sufficient</value>
</item>
<item id="335" index="9" type="file">
<value index="0">https://fs27.formsite.com/Diaceutics/files/f-31-335-4259634_7zbHUNJq_CML_ED_positiv.pdf</value>
</item>
<item id="336" index="10" type="file">
<value index="0">https://fs27.formsite.com/Diaceutics/files/f-31-336-4259634_qeP5XOcw_CML_ED_negativ.pdf</value>
</item>
<item id="338" index="13" type="list">
<value index="2">51 - 100</value>
</item>
<item id="339" index="14" type="list">
<value index="1">4 - 7 days</value>
</item>
<item id="340" index="15" type="list">
<value index="1">11 - 20</value>
</item>
<item id="341" index="16" type="list">
<value index="0">Yes</value>
</item>
<item id="342" index="17" type="list">
<value index="0">ISO 15189</value>
</item>
<item id="343" index="18" type="list">
<value index="0">Sufficient</value>
</item>
<item id="344" index="19" type="file">
<value index="0">https://fs27.formsite.com/Diaceutics/files/f-31-344-4259634_ihvLBfv7_CML_VK_positiv.pdf</value>
</item>
<item id="347" index="23" type="list">
<value index="2">51 - 100</value>
</item>
<item id="348" index="24" type="list">
<value index="1">4 - 7 days</value>
</item>
<item id="349" index="25" type="list">
<value index="0">&#8804;10</value>
</item>
<item id="391" index="26" type="list">
<value index="1">11 - 20</value>
</item>
<item id="350" index="27" type="list">
<value index="0">Yes</value>
</item>
<item id="351" index="28" type="list">
<value index="0">ISO 15189</value>
</item>
<item id="352" index="29" type="list">
<value index="1">Insufficient</value>
</item>
<item id="353" index="30" type="file">
<value index="0">https://fs27.formsite.com/Diaceutics/files/f-31-353-4259634_si4NbzFN_AML_ED_IDH1_positiv.pdf</value>
</item>
<item id="354" index="31" type="file">
<value index="0">https://fs27.formsite.com/Diaceutics/files/f-31-354-4259634_JYGCtPHB_AML_ED_IDH1IDH2_negativ.pdf</value>
</item>
<item id="356" index="34" type="list">
<value index="2">51 - 100</value>
</item>
<item id="357" index="35" type="list">
<value index="1">4 - 7 days</value>
</item>
<item id="358" index="36" type="list">
<value index="2">21 - 30</value>
</item>
<item id="359" index="37" type="list">
<value index="0">Yes</value>
</item>
<item id="360" index="38" type="list">
<value index="0">ISO 15189</value>
</item>
<item id="361" index="39" type="list">
<value index="0">Sufficient</value>
</item>
<item id="362" index="40" type="file">
<value index="0">https://fs27.formsite.com/Diaceutics/files/f-31-362-4259634_SyXNDUxQ_AML_ED_FLT3-ITD_positiv.pdf</value>
</item>
<item id="363" index="41" type="file">
<value index="0">https://fs27.formsite.com/Diaceutics/files/f-31-363-4259634_2GKTAzJ4_AML_FLT3-ITD_FLT3-TKD_negativ.pdf</value>
</item>
<item id="365" index="44" type="list">
<value index="2">51 - 100</value>
</item>
<item id="366" index="45" type="list">
<value index="1">4 - 7 days</value>
</item>
<item id="367" index="46" type="list">
<value index="0">&#8804;10</value>
</item>
<item id="368" index="47" type="list">
<value index="0">Yes</value>
</item>
<item id="369" index="48" type="list">
<value index="0">ISO 15189</value>
</item>
<item id="370" index="49" type="list">
<value index="0">Sufficient</value>
</item>
<item id="371" index="50" type="file">
<value index="0">https://fs27.formsite.com/Diaceutics/files/f-31-371-4259634_mpiaXTAC_AML_ED_FLT3-TKD_positiv.pdf</value>
</item>
<item id="372" index="51" type="file">
<value index="0">https://fs27.formsite.com/Diaceutics/files/f-31-372-4259634_IVuLLou3_AML_FLT3-ITD_FLT3-TKD_negativ.pdf</value>
</item>
<item id="374" index="54" type="list">
<value index="1">11 - 50</value>
</item>
<item id="375" index="55" type="list">
<value index="1">4 - 7 days</value>
</item>
<item id="376" index="56" type="list">
<value index="4">&gt;40</value>
</item>
<item id="377" index="57" type="list">
<value index="0">Yes</value>
</item>
<item id="378" index="58" type="list">
<value index="0">ISO 15189</value>
</item>
<item id="379" index="59" type="list">
<value index="0">Sufficient</value>
</item>
<item id="380" index="60" type="file">
<value index="0">https://fs27.formsite.com/Diaceutics/files/f-31-380-4259634_6t2ElCqi_CLL_ED_IGVH_100_Homologie.pdf</value>
</item>
<item id="381" index="61" type="file">
<value index="0">https://fs27.formsite.com/Diaceutics/files/f-31-381-4259634_IF92Vjbd_CLL_ED_IGVH_917_Homologie.pdf</value>
</item>
<item id="383" index="64" type="list">
<value index="1">11 - 50</value>
</item>
<item id="384" index="65" type="list">
<value index="1">4 - 7 days</value>
</item>
<item id="385" index="66" type="list">
<value index="1">11 - 20</value>
</item>
<item id="386" index="67" type="list">
<value index="0">Yes</value>
</item>
<item id="387" index="68" type="list">
<value index="0">ISO 15189</value>
</item>
<item id="388" index="69" type="list">
<value index="0">Sufficient</value>
</item>
<item id="389" index="70" type="file">
<value index="0">https://fs27.formsite.com/Diaceutics/files/f-31-389-4259634_4ogBh7n2_CLL_ED_TP53_positiv.pdf</value>
</item>
<item id="390" index="71" type="file">
<value index="0">https://fs27.formsite.com/Diaceutics/files/f-31-390-4259634_HlWOgyyl_CLL_ED_negativ.pdf</value>
</item>
</items></result>
<result id="4054188">
<metas><meta id="result_status">Incomplete</meta>
<meta id="login_username">Uniklinik Tuebingen</meta>
<meta id="date_start">2019-04-29 13:05:48</meta>
<meta id="date_finish">2019-04-29 13:05:57</meta>
<meta id="date_update">2019-04-29 13:05:57</meta>
<meta id="user_ip">134.2.189.38</meta>
<meta id="user_browser">Firefox</meta>
<meta id="user_os">Windows</meta>
<meta id="user_referrer">https://fs27.formsite.com/res/formLoginReturn;jsessionid=20FA9A94520919E05FFE53B05284885A</meta>
<meta id="payment_amount">0.00</meta>
</metas><items><item id="401" index="0" type="list">
<value index="0">I Accept</value>
</item>
<item id="141" index="3" type="list">
<value index="0">&#8804;10</value>
</item>
<item id="330" index="4" type="list">
<value index="1">4 - 7 days</value>
</item>
<item id="333" index="5" type="list">
<value index="3">31 - 40</value>
</item>
<item id="331" index="6" type="list">
<value index="0">Yes</value>
</item>
<item id="332" index="7" type="list">
<value index="0">ISO 15189</value>
</item>
<item id="334" index="8" type="list">
<value index="0">Sufficient</value>
</item>
<item id="338" index="13" type="list">
<value index="0">&#8804;10</value>
</item>
<item id="347" index="23" type="list">
<value index="0">&#8804;10</value>
</item>
<item id="348" index="24" type="list">
<value index="2">8 - 12 days</value>
</item>
</items></result>
<result id="4051193">
<metas><meta id="result_status">Incomplete</meta>
<meta id="login_username">Uniklinikum Marburg</meta>
<meta id="date_update">2019-03-13 12:29:30</meta>
<meta id="user_ip">137.248.1.31</meta>
<meta id="user_browser">Other</meta>
<meta id="user_os">Other</meta>
<meta id="user_referrer">N/A</meta>
<meta id="payment_amount">0.00</meta>
</metas></result>
<result id="4051044">
<metas><meta id="result_status">Complete</meta>
<meta id="login_username">Uniklinik Leipzig</meta>
<meta id="date_start">2019-03-18 07:47:30</meta>
<meta id="date_finish">2019-03-18 08:02:09</meta>
<meta id="date_update">2019-03-18 08:02:09</meta>
<meta id="user_ip">212.204.40.18</meta>
<meta id="user_browser">Safari</meta>
<meta id="user_os">Mac</meta>
<meta id="user_referrer">N/A</meta>
<meta id="payment_amount">0.00</meta>
</metas><items><item id="401" index="0" type="list">
<value index="0">I Accept</value>
</item>
<item id="141" index="3" type="list">
<value index="1">11 - 50</value>
</item>
<item id="330" index="4" type="list">
<value index="1">4 - 7 days</value>
</item>
<item id="333" index="5" type="list">
<value index="2">21 - 30</value>
</item>
<item id="331" index="6" type="list">
<value index="0">Yes</value>
</item>
<item id="332" index="7" type="list">
<value index="2">No</value>
</item>
<item id="334" index="8" type="list">
<value index="0">Sufficient</value>
</item>
<item id="335" index="9" type="file">
<value index="0">https://fs27.formsite.com/Diaceutics/files/f-31-335-4051044_Evk6N7f6_bcrablpos.pdf</value>
</item>
<item id="336" index="10" type="file">
<value index="0">https://fs27.formsite.com/Diaceutics/files/f-31-336-4051044_GyL8RjAm_bcrablneg.pdf</value>
</item>
<item id="338" index="13" type="list">
<value index="2">51 - 100</value>
</item>
<item id="339" index="14" type="list">
<value index="1">4 - 7 days</value>
</item>
<item id="340" index="15" type="list">
<value index="2">21 - 30</value>
</item>
<item id="341" index="16" type="list">
<value index="0">Yes</value>
</item>
<item id="342" index="17" type="list">
<value index="2">No</value>
</item>
<item id="343" index="18" type="list">
<value index="0">Sufficient</value>
</item>
<item id="344" index="19" type="file">
<value index="0">https://fs27.formsite.com/Diaceutics/files/f-31-344-4051044_FrTHHAZe_qbcrablpos.pdf</value>
</item>
<item id="345" index="20" type="file">
<value index="0">https://fs27.formsite.com/Diaceutics/files/f-31-345-4051044_bky6wnQn_qbcrablneg.pdf</value>
</item>
<item id="347" index="23" type="list">
<value index="1">11 - 50</value>
</item>
<item id="348" index="24" type="list">
<value index="1">4 - 7 days</value>
</item>
<item id="349" index="25" type="list">
<value index="0">&#8804;10</value>
</item>
<item id="391" index="26" type="list">
<value index="0">&#8804;10</value>
</item>
<item id="350" index="27" type="list">
<value index="1">No</value>
</item>
<item id="351" index="28" type="list">
<value index="2">No</value>
</item>
<item id="352" index="29" type="list">
<value index="1">Insufficient</value>
</item>
<item id="353" index="30" type="file">
<value index="0">https://fs27.formsite.com/Diaceutics/files/f-31-353-4051044_ISSLQ0uh_idh2_pos.pdf</value>
</item>
<item id="354" index="31" type="file">
<value index="0">https://fs27.formsite.com/Diaceutics/files/f-31-354-4051044_F5X8Gxti_idh1neg.pdf</value>
</item>
<item id="356" index="34" type="list">
<value index="1">11 - 50</value>
</item>
<item id="357" index="35" type="list">
<value index="0">1 - 3 days</value>
</item>
<item id="358" index="36" type="list">
<value index="2">21 - 30</value>
</item>
<item id="359" index="37" type="list">
<value index="1">No</value>
</item>
<item id="360" index="38" type="list">
<value index="2">No</value>
</item>
<item id="361" index="39" type="list">
<value index="1">Insufficient</value>
</item>
<item id="362" index="40" type="file">
<value index="0">https://fs27.formsite.com/Diaceutics/files/f-31-362-4051044_Dtsf8NAi_itd_pos.pdf</value>
</item>
<item id="363" index="41" type="file">
<value index="0">https://fs27.formsite.com/Diaceutics/files/f-31-363-4051044_5c2MsnUK_itd_neg.pdf</value>
</item>
<item id="365" index="44" type="list">
<value index="1">11 - 50</value>
</item>
<item id="366" index="45" type="list">
<value index="0">1 - 3 days</value>
</item>
<item id="367" index="46" type="list">
<value index="0">&#8804;10</value>
</item>
<item id="368" index="47" type="list">
<value index="1">No</value>
</item>
<item id="369" index="48" type="list">
<value index="2">No</value>
</item>
<item id="370" index="49" type="list">
<value index="1">Insufficient</value>
</item>
<item id="371" index="50" type="file">
<value index="0">https://fs27.formsite.com/Diaceutics/files/f-31-371-4051044_VckFFDBv_npm1tkdpos.pdf</value>
</item>
<item id="372" index="51" type="file">
<value index="0">https://fs27.formsite.com/Diaceutics/files/f-31-372-4051044_jrgT2GzB_amlneg.pdf</value>
</item>
</items></result>
<result id="4008814">
<metas><meta id="result_status">Complete</meta>
<meta id="login_username">Bioscientia</meta>
<meta id="date_start">2019-03-05 10:32:16</meta>
<meta id="date_finish">2019-03-05 10:36:57</meta>
<meta id="date_update">2019-03-05 10:36:57</meta>
<meta id="user_ip">217.5.133.185</meta>
<meta id="user_browser">Chrome</meta>
<meta id="user_os">Windows</meta>
<meta id="user_referrer">N/A</meta>
<meta id="payment_amount">0.00</meta>
</metas><items><item id="401" index="0" type="list">
<value index="0">I Accept</value>
</item>
<item id="141" index="3" type="list">
<value index="1">11 - 50</value>
</item>
<item id="330" index="4" type="list">
<value index="1">4 - 7 days</value>
</item>
<item id="333" index="5" type="list">
<value index="0">&#8804;10</value>
</item>
<item id="331" index="6" type="list">
<value index="0">Yes</value>
</item>
<item id="332" index="7" type="list">
<value index="1">CAP</value>
</item>
<item id="334" index="8" type="list">
<value index="0">Sufficient</value>
</item>
<item id="338" index="13" type="list">
<value index="1">11 - 50</value>
</item>
<item id="339" index="14" type="list">
<value index="1">4 - 7 days</value>
</item>
<item id="340" index="15" type="list">
<value index="1">11 - 20</value>
</item>
<item id="341" index="16" type="list">
<value index="0">Yes</value>
</item>
<item id="342" index="17" type="list">
<value index="1">CAP</value>
</item>
<item id="343" index="18" type="list">
<value index="0">Sufficient</value>
</item>
<item id="347" index="23" type="list">
<value index="0">&#8804;10</value>
</item>
<item id="348" index="24" type="list">
<value index="2">8 - 12 days</value>
</item>
<item id="349" index="25" type="list">
<value index="0">&#8804;10</value>
</item>
<item id="391" index="26" type="list">
<value index="0">&#8804;10</value>
</item>
<item id="350" index="27" type="list">
<value index="0">Yes</value>
</item>
<item id="351" index="28" type="list">
<value index="1">CAP</value>
</item>
<item id="352" index="29" type="list">
<value index="0">Sufficient</value>
</item>
<item id="356" index="34" type="list">
<value index="1">11 - 50</value>
</item>
<item id="357" index="35" type="list">
<value index="2">8 - 12 days</value>
</item>
<item id="358" index="36" type="list">
<value index="0">&#8804;10</value>
</item>
<item id="359" index="37" type="list">
<value index="0">Yes</value>
</item>
<item id="360" index="38" type="list">
<value index="1">CAP</value>
</item>
<item id="361" index="39" type="list">
<value index="0">Sufficient</value>
</item>
<item id="365" index="44" type="list">
<value index="1">11 - 50</value>
</item>
<item id="366" index="45" type="list">
<value index="2">8 - 12 days</value>
</item>
<item id="367" index="46" type="list">
<value index="0">&#8804;10</value>
</item>
<item id="368" index="47" type="list">
<value index="0">Yes</value>
</item>
<item id="369" index="48" type="list">
<value index="1">CAP</value>
</item>
<item id="370" index="49" type="list">
<value index="0">Sufficient</value>
</item>
<item id="374" index="54" type="list">
<value index="0">&#8804;10</value>
</item>
<item id="375" index="55" type="list">
<value index="2">8 - 12 days</value>
</item>
<item id="376" index="56" type="list">
<value index="0">&#8804;10</value>
</item>
<item id="377" index="57" type="list">
<value index="1">No</value>
</item>
<item id="378" index="58" type="list">
<value index="2">No</value>
</item>
<item id="379" index="59" type="list">
<value index="0">Sufficient</value>
</item>
<item id="383" index="64" type="list">
<value index="0">&#8804;10</value>
</item>
<item id="384" index="65" type="list">
<value index="2">8 - 12 days</value>
</item>
<item id="385" index="66" type="list">
<value index="0">&#8804;10</value>
</item>
<item id="386" index="67" type="list">
<value index="0">Yes</value>
</item>
<item id="388" index="69" type="list">
<value index="0">Sufficient</value>
</item>
</items></result>
<result id="4008525">
<metas><meta id="result_status">Complete</meta>
<meta id="login_username">MLL Munich</meta>
<meta id="date_start">2019-03-16 08:10:56</meta>
<meta id="date_finish">2019-03-16 08:45:05</meta>
<meta id="date_update">2019-03-16 08:45:05</meta>
<meta id="user_ip">62.159.129.50</meta>
<meta id="user_browser">Firefox</meta>
<meta id="user_os">Windows</meta>
<meta id="user_referrer">https://fs27.formsite.com/res/formLoginReturn;jsessionid=06F6ECD3547D861142DEB0EDBE9FEE7F;jsessionid=06F6ECD3547D861142DEB0EDBE9FEE7F;jsessionid=06F6ECD3547D861142DEB0EDBE9FEE7F;jsessionid=06F6ECD3547D861142DEB0EDBE9FEE7F;jsessionid=06F6ECD3547D861142DEB0EDBE9FEE7F;jsessionid=06F6ECD3547D861142DEB0EDBE9FEE7F;jsessionid=06F6ECD3547D861142DEB0EDBE9FEE7F;jsessionid=06F6ECD3547D861142DEB0EDBE9FEE7F;jsessionid=06F6ECD3547D861142DEB0EDBE9FEE7F;jsessionid=06F6ECD3547D861142DEB0EDBE9FEE7F;jsessionid=06F6ECD3547D861142DEB0EDBE9FEE7F;jsessionid=06F6ECD3547D861142DEB0EDBE9FEE7F;jsessionid=06F6ECD3547D861142DEB0EDBE9FEE7F;jsessionid=06F6ECD3547D861142DEB0EDBE9FEE7F;jsessionid=06F6ECD3547D861142DEB0EDBE9FEE7F;jsessionid=06F6ECD3547D861142DEB0EDBE9FEE7F;jsessionid=06F6ECD3547D861142DEB0EDBE9FEE7F;jsessionid=06F6ECD3547D861142DEB0EDBE9FEE7F;jsessionid=06F6ECD3547D861142DEB0EDBE9FEE7F;jsessionid=06F6ECD3547D861142DEB0EDBE9FEE7F;jsessionid=06F6ECD3547D861142DEB0EDBE9FEE7F;jsessionid=06F6ECD3547D861142DEB0EDBE9FEE7F;jsessionid=06F6ECD3547D861142DEB0EDBE9FEE7F;jsessionid=06F6ECD3547D861142DEB0EDBE9FEE7F</meta>
<meta id="payment_amount">0.00</meta>
</metas><items><item id="401" index="0" type="list">
<value index="0">I Accept</value>
</item>
<item id="141" index="3" type="list">
<value index="3">&gt;100</value>
</item>
<item id="330" index="4" type="list">
<value index="0">1 - 3 days</value>
</item>
<item id="333" index="5" type="list">
<value index="0">&#8804;10</value>
</item>
<item id="331" index="6" type="list">
<value index="0">Yes</value>
</item>
<item id="332" index="7" type="list">
<value index="0">ISO 15189</value>
</item>
<item id="334" index="8" type="list">
<value index="0">Sufficient</value>
</item>
<item id="335" index="9" type="file">
<value index="0">https://fs27.formsite.com/Diaceutics/files/f-31-335-4008525_zITzlsuk_BCR-ABL_diagnosis_positive.DOC</value>
</item>
<item id="336" index="10" type="file">
<value index="0">https://fs27.formsite.com/Diaceutics/files/f-31-336-4008525_51bjH1XN_BCR-ABL_diagnosis_negative.DOC</value>
</item>
<item id="338" index="13" type="list">
<value index="3">&gt;100</value>
</item>
<item id="339" index="14" type="list">
<value index="0">1 - 3 days</value>
</item>
<item id="340" index="15" type="list">
<value index="4">&gt;40</value>
</item>
<item id="341" index="16" type="list">
<value index="0">Yes</value>
</item>
<item id="342" index="17" type="list">
<value index="0">ISO 15189</value>
</item>
<item id="343" index="18" type="list">
<value index="0">Sufficient</value>
</item>
<item id="344" index="19" type="file">
<value index="0">https://fs27.formsite.com/Diaceutics/files/f-31-344-4008525_XC4WF990_BCR-ABL_MRD_positve.DOC</value>
</item>
<item id="345" index="20" type="file">
<value index="0">https://fs27.formsite.com/Diaceutics/files/f-31-345-4008525_cfDeNUSY_BCR-ABL_MRD_negative.DOC</value>
</item>
<item id="347" index="23" type="list">
<value index="3">&gt;100</value>
</item>
<item id="348" index="24" type="list">
<value index="0">1 - 3 days</value>
</item>
<item id="349" index="25" type="list">
<value index="0">&#8804;10</value>
</item>
<item id="391" index="26" type="list">
<value index="0">&#8804;10</value>
</item>
<item id="350" index="27" type="list">
<value index="0">Yes</value>
</item>
<item id="351" index="28" type="list">
<value index="0">ISO 15189</value>
</item>
<item id="352" index="29" type="list">
<value index="1">Insufficient</value>
</item>
<item id="353" index="30" type="file">
<value index="0">https://fs27.formsite.com/Diaceutics/files/f-31-353-4008525_Ar15nq17_IDH1_positive_NNsp.docx</value>
</item>
<item id="354" index="31" type="file">
<value index="0">https://fs27.formsite.com/Diaceutics/files/f-31-354-4008525_HxER0AOv_IDH1_negative.DOC</value>
</item>
<item id="356" index="34" type="list">
<value index="3">&gt;100</value>
</item>
<item id="357" index="35" type="list">
<value index="0">1 - 3 days</value>
</item>
<item id="358" index="36" type="list">
<value index="0">&#8804;10</value>
</item>
<item id="359" index="37" type="list">
<value index="0">Yes</value>
</item>
<item id="360" index="38" type="list">
<value index="0">ISO 15189</value>
</item>
<item id="361" index="39" type="list">
<value index="1">Insufficient</value>
</item>
<item id="362" index="40" type="file">
<value index="0">https://fs27.formsite.com/Diaceutics/files/f-31-362-4008525_rR2rkfD8_FLT3-ITD_positive.docx</value>
</item>
<item id="363" index="41" type="file">
<value index="0">https://fs27.formsite.com/Diaceutics/files/f-31-363-4008525_QELI8Dmr_FLT3-ITD_negative.docx</value>
</item>
<item id="365" index="44" type="list">
<value index="3">&gt;100</value>
</item>
<item id="366" index="45" type="list">
<value index="0">1 - 3 days</value>
</item>
<item id="367" index="46" type="list">
<value index="0">&#8804;10</value>
</item>
<item id="368" index="47" type="list">
<value index="0">Yes</value>
</item>
<item id="369" index="48" type="list">
<value index="0">ISO 15189</value>
</item>
<item id="370" index="49" type="list">
<value index="1">Insufficient</value>
</item>
<item id="371" index="50" type="file">
<value index="0">https://fs27.formsite.com/Diaceutics/files/f-31-371-4008525_7DjfVsRD_FLT3-TKD_positive.docx</value>
</item>
<item id="372" index="51" type="file">
<value index="0">https://fs27.formsite.com/Diaceutics/files/f-31-372-4008525_SjS0qxJ5_FLT3-TKD_negative.docx</value>
</item>
<item id="374" index="54" type="list">
<value index="3">&gt;100</value>
</item>
<item id="375" index="55" type="list">
<value index="1">4 - 7 days</value>
</item>
<item id="376" index="56" type="list">
<value index="3">31 - 40</value>
</item>
<item id="377" index="57" type="list">
<value index="0">Yes</value>
</item>
<item id="378" index="58" type="list">
<value index="0">ISO 15189</value>
</item>
<item id="379" index="59" type="list">
<value index="0">Sufficient</value>
</item>
<item id="380" index="60" type="file">
<value index="0">https://fs27.formsite.com/Diaceutics/files/f-31-380-4008525_mQXQYBQ5_IGHV_positive_TP53_negative.docx</value>
</item>
<item id="381" index="61" type="file">
<value index="0">https://fs27.formsite.com/Diaceutics/files/f-31-381-4008525_atPnM2y6_IGHV_negative_TP53_positive.docx</value>
</item>
<item id="383" index="64" type="list">
<value index="3">&gt;100</value>
</item>
<item id="384" index="65" type="list">
<value index="0">1 - 3 days</value>
</item>
<item id="385" index="66" type="list">
<value index="0">&#8804;10</value>
</item>
<item id="386" index="67" type="list">
<value index="0">Yes</value>
</item>
<item id="387" index="68" type="list">
<value index="0">ISO 15189</value>
</item>
<item id="388" index="69" type="list">
<value index="0">Sufficient</value>
</item>
<item id="389" index="70" type="file">
<value index="0">https://fs27.formsite.com/Diaceutics/files/f-31-389-4008525_i7PfiiZq_IGHV_negative_TP53_positive.docx</value>
</item>
<item id="390" index="71" type="file">
<value index="0">https://fs27.formsite.com/Diaceutics/files/f-31-390-4008525_k7W1OQw5_IGHV_positive_TP53_negative.docx</value>
</item>
</items></result>
<result id="3962354">
<metas><meta id="result_status">Complete</meta>
<meta id="login_username">Uniklinik Mannheim</meta>
<meta id="date_start">2019-02-24 10:45:19</meta>
<meta id="date_finish">2019-02-24 10:47:12</meta>
<meta id="date_update">2019-05-06 11:49:10</meta>
<meta id="user_ip">217.9.99.227</meta>
<meta id="user_browser">IE</meta>
<meta id="user_os">Windows</meta>
<meta id="user_referrer">N/A</meta>
<meta id="payment_amount">0.00</meta>
</metas><items><item id="401" index="0" type="list">
<value index="0">I Accept</value>
</item>
<item id="141" index="3" type="list">
<value index="1">11 - 50</value>
</item>
<item id="330" index="4" type="list">
<value index="0">1 - 3 days</value>
</item>
<item id="333" index="5" type="list">
<value index="4">&gt;40</value>
</item>
<item id="331" index="6" type="list">
<value index="0">Yes</value>
</item>
<item id="332" index="7" type="list">
<value index="2">No</value>
</item>
<item id="334" index="8" type="list">
<value index="0">Sufficient</value>
</item>
<item id="338" index="13" type="list">
<value index="3">&gt;100</value>
</item>
<item id="339" index="14" type="list">
<value index="0">1 - 3 days</value>
</item>
<item id="340" index="15" type="list">
<value index="1">11 - 20</value>
</item>
<item id="341" index="16" type="list">
<value index="0">Yes</value>
</item>
<item id="342" index="17" type="list">
<value index="2">No</value>
</item>
<item id="343" index="18" type="list">
<value index="0">Sufficient</value>
</item>
</items></result>
<result id="3949097">
<metas><meta id="result_status">Complete</meta>
<meta id="login_username">LMU Munich</meta>
<meta id="date_start">2019-03-20 13:06:20</meta>
<meta id="date_finish">2019-03-20 14:58:31</meta>
<meta id="date_update">2019-03-20 14:58:31</meta>
<meta id="user_ip">138.245.1.1</meta>
<meta id="user_browser">IE</meta>
<meta id="user_os">Windows</meta>
<meta id="user_referrer">https://fs27.formsite.com/res/formLoginReturn;jsessionid=A3129C8432D3587D5DEBBAE05177EED8;jsessionid=A3129C8432D3587D5DEBBAE05177EED8;jsessionid=A3129C8432D3587D5DEBBAE05177EED8;jsessionid=A3129C8432D3587D5DEBBAE05177EED8;jsessionid=A3129C8432D3587D5DEBBAE05177EED8;jsessionid=A3129C8432D3587D5DEBBAE05177EED8;jsessionid=A3129C8432D3587D5DEBBAE05177EED8;jsessionid=A3129C8432D3587D5DEBBAE05177EED8;jsessionid=A3129C8432D3587D5DEBBAE05177EED8;jsessionid=A3129C8432D3587D5DEBBAE05177EED8;jsessionid=A3129C8432D3587D5DEBBAE05177EED8;jsessionid=A3129C8432D3587D5DEBBAE05177EED8;jsessionid=A3129C8432D3587D5DEBBAE05177EED8;jsessionid=A3129C8432D3587D5DEBBAE05177EED8;jsessionid=A3129C8432D3587D5DEBBAE05177EED8;jsessionid=A3129C8432D3587D5DEBBAE05177EED8;jsessionid=A3129C8432D3587D5DEBBAE05177EED8;jsessionid=A3129C8432D3587D5DEBBAE05177EED8;jsessionid=A3129C8432D3587D5DEBBAE05177EED8;jsessionid=A3129C8432D3587D5DEBBAE05177EED8;jsessionid=A3129C8432D3587D5DEBBAE05177EED8;jsessionid=A3129C8432D3587D5DEBBAE05177EED8;jsessionid=A3129C8432D3587D5DEBBAE05177EED8;jsessionid=A3129C8432D3587D5DEBBAE05177EED8;jsessionid=A3129C8432D3587D5DEBBAE05177EED8;jsessionid=A3129C8432D3587D5DEBBAE05177EED8;jsessionid=A3129C8432D3587D5DEBBAE05177EED8;jsessionid=A3129C8432D3587D5DEBBAE05177EED8;jsessionid=A3129C8432D3587D5DEBBAE05177EED8;jsessionid=A3129C8432D3587D5DEBBAE05177EED8;jsessionid=A3129C8432D3587D5DEBBAE05177EED8;jsessionid=A3129C8432D3587D5DEBBAE05177EED8;jsessionid=A3129C8432D3587D5DEBBAE05177EED8;jsessionid=A3129C8432D3587D5DEBBAE05177EED8;jsessionid=A3129C8432D3587D5DEBBAE05177EED8;jsessionid=A3129C8432D3587D5DEBBAE05177EED8;jsessionid=A3129C8432D3587D5DEBBAE05177EED8;jsessionid=A3129C8432D3587D5DEBBAE05177EED8;jsessionid=A3129C8432D3587D5DEBBAE05177EED8;jsessionid=A3129C8432D3587D5DEBBAE05177EED8</meta>
<meta id="payment_amount">0.00</meta>
</metas><items><item id="401" index="0" type="list">
<value index="0">I Accept</value>
</item>
<item id="141" index="3" type="list">
<value index="1">11 - 50</value>
</item>
<item id="330" index="4" type="list">
<value index="1">4 - 7 days</value>
</item>
<item id="333" index="5" type="list">
<value index="0">&#8804;10</value>
</item>
<item id="331" index="6" type="list">
<value index="0">Yes</value>
</item>
<item id="332" index="7" type="list">
<value index="0">ISO 15189</value>
</item>
<item id="334" index="8" type="list">
<value index="1">Insufficient</value>
</item>
<item id="335" index="9" type="file">
<value index="0">https://fs27.formsite.com/Diaceutics/files/f-31-335-3949097_tiQ18ATz_BCR-ABL_in_CML_Befund_M_BCR-ABL_pos.rtf</value>
</item>
<item id="336" index="10" type="file">
<value index="0">https://fs27.formsite.com/Diaceutics/files/f-31-336-3949097_tzXBx8Us_BCR-ABL_in_CML_Befund_M_BCR-ABLneg.rtf</value>
</item>
<item id="338" index="13" type="list">
<value index="2">51 - 100</value>
</item>
<item id="339" index="14" type="list">
<value index="1">4 - 7 days</value>
</item>
<item id="340" index="15" type="list">
<value index="1">11 - 20</value>
</item>
<item id="341" index="16" type="list">
<value index="0">Yes</value>
</item>
<item id="342" index="17" type="list">
<value index="0">ISO 15189</value>
</item>
<item id="343" index="18" type="list">
<value index="1">Insufficient</value>
</item>
<item id="344" index="19" type="file">
<value index="0">https://fs27.formsite.com/Diaceutics/files/f-31-344-3949097_20r1MZsP_BCR-ABL_in_CML_Verlauf_Befund_M_MRDpos.rtf</value>
</item>
<item id="345" index="20" type="file">
<value index="0">https://fs27.formsite.com/Diaceutics/files/f-31-345-3949097_QGPvKLUZ_BCR-ABL_in_CML_Verlauf_Befund_M_MRD_neg.rtf</value>
</item>
<item id="356" index="34" type="list">
<value index="1">11 - 50</value>
</item>
<item id="357" index="35" type="list">
<value index="0">1 - 3 days</value>
</item>
<item id="358" index="36" type="list">
<value index="2">21 - 30</value>
</item>
<item id="359" index="37" type="list">
<value index="0">Yes</value>
</item>
<item id="360" index="38" type="list">
<value index="0">ISO 15189</value>
</item>
<item id="361" index="39" type="list">
<value index="1">Insufficient</value>
</item>
<item id="362" index="40" type="file">
<value index="0">https://fs27.formsite.com/Diaceutics/files/f-31-362-3949097_GMgX0kQU_FLT3-ITD_pos_in_AML.rtf</value>
</item>
<item id="363" index="41" type="file">
<value index="0">https://fs27.formsite.com/Diaceutics/files/f-31-363-3949097_43IO11Ts_FLT3-ITD_neg_in_AML.rtf</value>
</item>
<item id="365" index="44" type="list">
<value index="1">11 - 50</value>
</item>
<item id="366" index="45" type="list">
<value index="0">1 - 3 days</value>
</item>
<item id="367" index="46" type="list">
<value index="0">&#8804;10</value>
</item>
<item id="368" index="47" type="list">
<value index="0">Yes</value>
</item>
<item id="369" index="48" type="list">
<value index="0">ISO 15189</value>
</item>
<item id="370" index="49" type="list">
<value index="0">Sufficient</value>
</item>
<item id="371" index="50" type="file">
<value index="0">https://fs27.formsite.com/Diaceutics/files/f-31-371-3949097_j7plDL1a_FLT3-TKD_pos_in_AML.rtf</value>
</item>
<item id="372" index="51" type="file">
<value index="0">https://fs27.formsite.com/Diaceutics/files/f-31-372-3949097_7CDsdM7g_FLT3-TKD_neg_in_AML.rtf</value>
</item>
</items></result>
<result id="3937640">
<metas><meta id="result_status">Complete</meta>
<meta id="login_username">Haematopathologie Hamburg</meta>
<meta id="date_start">2019-03-25 14:54:33</meta>
<meta id="date_finish">2019-03-25 15:11:42</meta>
<meta id="date_update">2019-03-25 15:11:42</meta>
<meta id="user_ip">62.217.47.130</meta>
<meta id="user_browser">Firefox</meta>
<meta id="user_os">Windows</meta>
<meta id="user_referrer">https://fs27.formsite.com/res/formLoginReturn;jsessionid=6FEE6F92D0194455E1785B7CB44F74B8;jsessionid=6FEE6F92D0194455E1785B7CB44F74B8;jsessionid=6FEE6F92D0194455E1785B7CB44F74B8;jsessionid=6FEE6F92D0194455E1785B7CB44F74B8;jsessionid=6FEE6F92D0194455E1785B7CB44F74B8;jsessionid=6FEE6F92D0194455E1785B7CB44F74B8;jsessionid=6FEE6F92D0194455E1785B7CB44F74B8;jsessionid=6FEE6F92D0194455E1785B7CB44F74B8;jsessionid=6FEE6F92D0194455E1785B7CB44F74B8;jsessionid=6FEE6F92D0194455E1785B7CB44F74B8;jsessionid=6FEE6F92D0194455E1785B7CB44F74B8;jsessionid=6FEE6F92D0194455E1785B7CB44F74B8;jsessionid=6FEE6F92D0194455E1785B7CB44F74B8;jsessionid=6FEE6F92D0194455E1785B7CB44F74B8;jsessionid=6FEE6F92D0194455E1785B7CB44F74B8</meta>
<meta id="payment_amount">0.00</meta>
</metas><items><item id="401" index="0" type="list">
<value index="0">I Accept</value>
</item>
<item id="141" index="3" type="list">
<value index="3">&gt;100</value>
</item>
<item id="330" index="4" type="list">
<value index="0">1 - 3 days</value>
</item>
<item id="333" index="5" type="list">
<value index="0">&#8804;10</value>
</item>
<item id="331" index="6" type="list">
<value index="1">No</value>
</item>
<item id="332" index="7" type="list">
<value index="2">No</value>
</item>
<item id="334" index="8" type="list">
<value index="0">Sufficient</value>
</item>
<item id="335" index="9" type="file">
<value index="0">https://fs27.formsite.com/Diaceutics/files/f-31-335-3937640_6itNUo7F_BCRABL_positiv.pdf</value>
</item>
<item id="336" index="10" type="file">
<value index="0">https://fs27.formsite.com/Diaceutics/files/f-31-336-3937640_ueLhpqpK_BCRABL_negativ.pdf</value>
</item>
<item id="338" index="13" type="list">
<value index="3">&gt;100</value>
</item>
<item id="339" index="14" type="list">
<value index="0">1 - 3 days</value>
</item>
<item id="340" index="15" type="list">
<value index="1">11 - 20</value>
</item>
<item id="341" index="16" type="list">
<value index="0">Yes</value>
</item>
<item id="342" index="17" type="list">
<value index="2">No</value>
</item>
<item id="343" index="18" type="list">
<value index="0">Sufficient</value>
</item>
<item id="344" index="19" type="file">
<value index="0">https://fs27.formsite.com/Diaceutics/files/f-31-344-3937640_XngMQYvk_BCR-ABL_MRD_positiv.pdf</value>
</item>
<item id="345" index="20" type="file">
<value index="0">https://fs27.formsite.com/Diaceutics/files/f-31-345-3937640_cC3T14vG_BCR-ABL_MRD_negativ.pdf</value>
</item>
<item id="347" index="23" type="list">
<value index="0">&#8804;10</value>
</item>
<item id="348" index="24" type="list">
<value index="2">8 - 12 days</value>
</item>
<item id="349" index="25" type="list">
<value index="0">&#8804;10</value>
</item>
<item id="391" index="26" type="list">
<value index="0">&#8804;10</value>
</item>
<item id="350" index="27" type="list">
<value index="1">No</value>
</item>
<item id="351" index="28" type="list">
<value index="2">No</value>
</item>
<item id="352" index="29" type="list">
<value index="0">Sufficient</value>
</item>
<item id="353" index="30" type="file">
<value index="0">https://fs27.formsite.com/Diaceutics/files/f-31-353-3937640_XcvcOQm4_IDH1_2_positiv_IDH1.pdf</value>
</item>
<item id="354" index="31" type="file">
<value index="0">https://fs27.formsite.com/Diaceutics/files/f-31-354-3937640_bV66rPql_IDH1_2_negativ.pdf</value>
</item>
<item id="356" index="34" type="list">
<value index="1">11 - 50</value>
</item>
<item id="357" index="35" type="list">
<value index="0">1 - 3 days</value>
</item>
<item id="358" index="36" type="list">
<value index="1">11 - 20</value>
</item>
<item id="359" index="37" type="list">
<value index="1">No</value>
</item>
<item id="360" index="38" type="list">
<value index="2">No</value>
</item>
<item id="361" index="39" type="list">
<value index="0">Sufficient</value>
</item>
<item id="362" index="40" type="file">
<value index="0">https://fs27.formsite.com/Diaceutics/files/f-31-362-3937640_5OExz8wx_FLT3_ITD_positiv_mitRatio.pdf</value>
</item>
<item id="363" index="41" type="file">
<value index="0">https://fs27.formsite.com/Diaceutics/files/f-31-363-3937640_qwBuasq4_FLT3_ITD_negativ.pdf</value>
</item>
<item id="365" index="44" type="list">
<value index="1">11 - 50</value>
</item>
<item id="366" index="45" type="list">
<value index="0">1 - 3 days</value>
</item>
<item id="367" index="46" type="list">
<value index="0">&#8804;10</value>
</item>
<item id="368" index="47" type="list">
<value index="1">No</value>
</item>
<item id="369" index="48" type="list">
<value index="2">No</value>
</item>
<item id="370" index="49" type="list">
<value index="0">Sufficient</value>
</item>
<item id="371" index="50" type="file">
<value index="0">https://fs27.formsite.com/Diaceutics/files/f-31-371-3937640_YahuHaw2_FLT3_TKD_positiv.pdf</value>
</item>
<item id="372" index="51" type="file">
<value index="0">https://fs27.formsite.com/Diaceutics/files/f-31-372-3937640_uhCty643_FLT3_TKD_negativ.pdf</value>
</item>
<item id="374" index="54" type="list">
<value index="1">11 - 50</value>
</item>
<item id="375" index="55" type="list">
<value index="1">4 - 7 days</value>
</item>
<item id="376" index="56" type="list">
<value index="4">&gt;40</value>
</item>
<item id="377" index="57" type="list">
<value index="1">No</value>
</item>
<item id="378" index="58" type="list">
<value index="2">No</value>
</item>
<item id="379" index="59" type="list">
<value index="0">Sufficient</value>
</item>
<item id="380" index="60" type="file">
<value index="0">https://fs27.formsite.com/Diaceutics/files/f-31-380-3937640_XrPqeS1S_IGHV_umut_positive.pdf</value>
</item>
<item id="381" index="61" type="file">
<value index="0">https://fs27.formsite.com/Diaceutics/files/f-31-381-3937640_loXQg5Ep_IGHV_mut_negative.pdf</value>
</item>
<item id="383" index="64" type="list">
<value index="1">11 - 50</value>
</item>
<item id="384" index="65" type="list">
<value index="1">4 - 7 days</value>
</item>
<item id="385" index="66" type="list">
<value index="0">&#8804;10</value>
</item>
<item id="386" index="67" type="list">
<value index="1">No</value>
</item>
<item id="387" index="68" type="list">
<value index="2">No</value>
</item>
<item id="388" index="69" type="list">
<value index="0">Sufficient</value>
</item>
<item id="389" index="70" type="file">
<value index="0">https://fs27.formsite.com/Diaceutics/files/f-31-389-3937640_cWAoHb7V_TP53_positiv.pdf</value>
</item>
<item id="390" index="71" type="file">
<value index="0">https://fs27.formsite.com/Diaceutics/files/f-31-390-3937640_mR2gGzQ3_TP53_negativ.pdf</value>
</item>
</items></result>
<result id="3929438">
<metas><meta id="result_status">Complete</meta>
<meta id="login_username">Uniklinik Ulm</meta>
<meta id="date_start">2019-03-27 11:00:44</meta>
<meta id="date_finish">2019-03-27 12:21:21</meta>
<meta id="date_update">2019-03-27 12:21:21</meta>
<meta id="user_ip">193.197.70.14</meta>
<meta id="user_browser">Chrome</meta>
<meta id="user_os">Windows</meta>
<meta id="user_referrer">https://fs27.formsite.com/res/formLoginReturn;jsessionid=97302266EF9D5EEE05A892B6C304F5FF;jsessionid=97302266EF9D5EEE05A892B6C304F5FF;jsessionid=97302266EF9D5EEE05A892B6C304F5FF;jsessionid=97302266EF9D5EEE05A892B6C304F5FF;jsessionid=97302266EF9D5EEE05A892B6C304F5FF;jsessionid=97302266EF9D5EEE05A892B6C304F5FF;jsessionid=97302266EF9D5EEE05A892B6C304F5FF;jsessionid=97302266EF9D5EEE05A892B6C304F5FF;jsessionid=97302266EF9D5EEE05A892B6C304F5FF;jsessionid=97302266EF9D5EEE05A892B6C304F5FF;jsessionid=97302266EF9D5EEE05A892B6C304F5FF;jsessionid=97302266EF9D5EEE05A892B6C304F5FF;jsessionid=97302266EF9D5EEE05A892B6C304F5FF;jsessionid=97302266EF9D5EEE05A892B6C304F5FF;jsessionid=97302266EF9D5EEE05A892B6C304F5FF;jsessionid=97302266EF9D5EEE05A892B6C304F5FF;jsessionid=97302266EF9D5EEE05A892B6C304F5FF;jsessionid=97302266EF9D5EEE05A892B6C304F5FF</meta>
<meta id="payment_amount">0.00</meta>
</metas><items><item id="401" index="0" type="list">
<value index="0">I Accept</value>
</item>
<item id="141" index="3" type="list">
<value index="0">&#8804;10</value>
</item>
<item id="330" index="4" type="list">
<value index="1">4 - 7 days</value>
</item>
<item id="333" index="5" type="list">
<value index="4">&gt;40</value>
</item>
<item id="331" index="6" type="list">
<value index="0">Yes</value>
</item>
<item id="332" index="7" type="list">
<value index="0">ISO 15189</value>
</item>
<item id="334" index="8" type="list">
<value index="0">Sufficient</value>
</item>
<item id="335" index="9" type="file">
<value index="0">https://fs27.formsite.com/Diaceutics/files/f-31-335-3929438_xLCdgJFw_BCR-ABL_pos_26.03.2019.pdf</value>
</item>
<item id="336" index="10" type="file">
<value index="0">https://fs27.formsite.com/Diaceutics/files/f-31-336-3929438_IYI577Ll_BCR-ABL_neg_26.03.2019.pdf</value>
</item>
<item id="338" index="13" type="list">
<value index="1">11 - 50</value>
</item>
<item id="339" index="14" type="list">
<value index="2">8 - 12 days</value>
</item>
<item id="340" index="15" type="list">
<value index="4">&gt;40</value>
</item>
<item id="341" index="16" type="list">
<value index="0">Yes</value>
</item>
<item id="342" index="17" type="list">
<value index="0">ISO 15189</value>
</item>
<item id="343" index="18" type="list">
<value index="0">Sufficient</value>
</item>
<item id="344" index="19" type="file">
<value index="0">https://fs27.formsite.com/Diaceutics/files/f-31-344-3929438_G6nuZP58_BCR-ABL_MRD_pos_26.03.2019.pdf</value>
</item>
<item id="345" index="20" type="file">
<value index="0">https://fs27.formsite.com/Diaceutics/files/f-31-345-3929438_gXTXcQhE_BCR-ABL_MRD_neg_26.03.2019.pdf</value>
</item>
<item id="347" index="23" type="list">
<value index="3">&gt;100</value>
</item>
<item id="348" index="24" type="list">
<value index="0">1 - 3 days</value>
</item>
<item id="349" index="25" type="list">
<value index="1">11 - 20</value>
</item>
<item id="391" index="26" type="list">
<value index="1">11 - 20</value>
</item>
<item id="350" index="27" type="list">
<value index="1">No</value>
</item>
<item id="351" index="28" type="list">
<value index="0">ISO 15189</value>
</item>
<item id="352" index="29" type="list">
<value index="1">Insufficient</value>
</item>
<item id="353" index="30" type="file">
<value index="0">https://fs27.formsite.com/Diaceutics/files/f-31-353-3929438_rjOySXml_IDH2_wt_IDH1_mut.pdf</value>
</item>
<item id="354" index="31" type="file">
<value index="0">https://fs27.formsite.com/Diaceutics/files/f-31-354-3929438_LqDyE77b_IDH2_wt_IDH1_wt.pdf</value>
</item>
<item id="356" index="34" type="list">
<value index="2">51 - 100</value>
</item>
<item id="357" index="35" type="list">
<value index="0">1 - 3 days</value>
</item>
<item id="358" index="36" type="list">
<value index="2">21 - 30</value>
</item>
<item id="359" index="37" type="list">
<value index="0">Yes</value>
</item>
<item id="360" index="38" type="list">
<value index="0">ISO 15189</value>
</item>
<item id="361" index="39" type="list">
<value index="1">Insufficient</value>
</item>
<item id="362" index="40" type="file">
<value index="0">https://fs27.formsite.com/Diaceutics/files/f-31-362-3929438_ItcLe4Wr_ITD_pos_TKD_WT.pdf</value>
</item>
<item id="363" index="41" type="file">
<value index="0">https://fs27.formsite.com/Diaceutics/files/f-31-363-3929438_voziW8fb_TKD_mut_ITD_neg.pdf</value>
</item>
<item id="365" index="44" type="list">
<value index="2">51 - 100</value>
</item>
<item id="366" index="45" type="list">
<value index="0">1 - 3 days</value>
</item>
<item id="367" index="46" type="list">
<value index="0">&#8804;10</value>
</item>
<item id="368" index="47" type="list">
<value index="0">Yes</value>
</item>
<item id="369" index="48" type="list">
<value index="0">ISO 15189</value>
</item>
<item id="370" index="49" type="list">
<value index="1">Insufficient</value>
</item>
<item id="371" index="50" type="file">
<value index="0">https://fs27.formsite.com/Diaceutics/files/f-31-371-3929438_Sbzs23Gf_TKD_mut_ITD_neg.pdf</value>
</item>
<item id="372" index="51" type="file">
<value index="0">https://fs27.formsite.com/Diaceutics/files/f-31-372-3929438_86UUo0Sz_ITD_pos_TKD_WT.pdf</value>
</item>
<item id="374" index="54" type="list">
<value index="2">51 - 100</value>
</item>
<item id="375" index="55" type="list">
<value index="2">8 - 12 days</value>
</item>
<item id="376" index="56" type="list">
<value index="4">&gt;40</value>
</item>
<item id="377" index="57" type="list">
<value index="0">Yes</value>
</item>
<item id="378" index="58" type="list">
<value index="0">ISO 15189</value>
</item>
<item id="379" index="59" type="list">
<value index="1">Insufficient</value>
</item>
<item id="380" index="60" type="file">
<value index="0">https://fs27.formsite.com/Diaceutics/files/f-31-380-3929438_YMt16EDC_CLL-_report-unmut.pdf</value>
</item>
<item id="381" index="61" type="file">
<value index="0">https://fs27.formsite.com/Diaceutics/files/f-31-381-3929438_wvdOJYeG_CLL-report-mut.pdf</value>
</item>
<item id="383" index="64" type="list">
<value index="2">51 - 100</value>
</item>
<item id="384" index="65" type="list">
<value index="1">4 - 7 days</value>
</item>
<item id="385" index="66" type="list">
<value index="0">&#8804;10</value>
</item>
<item id="386" index="67" type="list">
<value index="0">Yes</value>
</item>
<item id="387" index="68" type="list">
<value index="0">ISO 15189</value>
</item>
<item id="388" index="69" type="list">
<value index="1">Insufficient</value>
</item>
<item id="389" index="70" type="file">
<value index="0">https://fs27.formsite.com/Diaceutics/files/f-31-389-3929438_JgIX4ZfZ_TP53_CLL_Positiv_1Max.pdf</value>
</item>
<item id="390" index="71" type="file">
<value index="0">https://fs27.formsite.com/Diaceutics/files/f-31-390-3929438_VfZrFaG6_TP53_CLL_Negativ.pdf</value>
</item>
</items></result>
<result id="3897758">
<metas><meta id="result_status">Complete</meta>
<meta id="login_username">Uniklinik Koeln</meta>
<meta id="date_start">2019-02-18 10:22:54</meta>
<meta id="date_finish">2019-02-18 10:26:28</meta>
<meta id="date_update">2019-02-18 10:26:28</meta>
<meta id="user_ip">134.95.33.91</meta>
<meta id="user_browser">IE</meta>
<meta id="user_os">Windows</meta>
<meta id="user_referrer">https://fs27.formsite.com/res/formLoginReturn;jsessionid=9BF36EE70BBD5F19633C6BDBF8D6835D;jsessionid=9BF36EE70BBD5F19633C6BDBF8D6835D;jsessionid=9BF36EE70BBD5F19633C6BDBF8D6835D;jsessionid=9BF36EE70BBD5F19633C6BDBF8D6835D;jsessionid=9BF36EE70BBD5F19633C6BDBF8D6835D;jsessionid=9BF36EE70BBD5F19633C6BDBF8D6835D;jsessionid=9BF36EE70BBD5F19633C6BDBF8D6835D;jsessionid=9BF36EE70BBD5F19633C6BDBF8D6835D;jsessionid=9BF36EE70BBD5F19633C6BDBF8D6835D;jsessionid=9BF36EE70BBD5F19633C6BDBF8D6835D;jsessionid=9BF36EE70BBD5F19633C6BDBF8D6835D;jsessionid=9BF36EE70BBD5F19633C6BDBF8D6835D;jsessionid=9BF36EE70BBD5F19633C6BDBF8D6835D;jsessionid=9BF36EE70BBD5F19633C6BDBF8D6835D;jsessionid=9BF36EE70BBD5F19633C6BDBF8D6835D</meta>
<meta id="payment_amount">0.00</meta>
</metas><items><item id="401" index="0" type="list">
<value index="0">I Accept</value>
</item>
<item id="141" index="3" type="list">
<value index="1">11 - 50</value>
</item>
<item id="330" index="4" type="list">
<value index="0">1 - 3 days</value>
</item>
<item id="333" index="5" type="list">
<value index="1">11 - 20</value>
</item>
<item id="331" index="6" type="list">
<value index="1">No</value>
</item>
<item id="332" index="7" type="list">
<value index="0">ISO 15189</value>
</item>
<item id="334" index="8" type="list">
<value index="0">Sufficient</value>
</item>
<item id="335" index="9" type="file">
<value index="0">https://fs27.formsite.com/Diaceutics/files/f-31-335-3897758_ILobXUqH_BCR-ABL1_ED_Positiv.pdf</value>
</item>
<item id="336" index="10" type="file">
<value index="0">https://fs27.formsite.com/Diaceutics/files/f-31-336-3897758_k61chPRv_BCR-ABL1_ED_Negativ.pdf</value>
</item>
<item id="338" index="13" type="list">
<value index="2">51 - 100</value>
</item>
<item id="339" index="14" type="list">
<value index="0">1 - 3 days</value>
</item>
<item id="340" index="15" type="list">
<value index="4">&gt;40</value>
</item>
<item id="341" index="16" type="list">
<value index="1">No</value>
</item>
<item id="342" index="17" type="list">
<value index="0">ISO 15189</value>
</item>
<item id="343" index="18" type="list">
<value index="0">Sufficient</value>
</item>
<item id="344" index="19" type="file">
<value index="0">https://fs27.formsite.com/Diaceutics/files/f-31-344-3897758_IuSJtjJN_BCR-ABL1_Verlauf_Positiv.pdf</value>
</item>
<item id="345" index="20" type="file">
<value index="0">https://fs27.formsite.com/Diaceutics/files/f-31-345-3897758_C6o3Tg4N_BCR-ABL1_Verlauf_Negativ.pdf</value>
</item>
<item id="347" index="23" type="list">
<value index="1">11 - 50</value>
</item>
<item id="348" index="24" type="list">
<value index="2">8 - 12 days</value>
</item>
<item id="349" index="25" type="list">
<value index="0">&#8804;10</value>
</item>
<item id="391" index="26" type="list">
<value index="0">&#8804;10</value>
</item>
<item id="350" index="27" type="list">
<value index="1">No</value>
</item>
<item id="351" index="28" type="list">
<value index="0">ISO 15189</value>
</item>
<item id="352" index="29" type="list">
<value index="0">Sufficient</value>
</item>
<item id="353" index="30" type="file">
<value index="0">https://fs27.formsite.com/Diaceutics/files/f-31-353-3897758_ZvzFit4X_IDH1_Positiv.pdf</value>
</item>
<item id="354" index="31" type="file">
<value index="0">https://fs27.formsite.com/Diaceutics/files/f-31-354-3897758_Emk2iwtP_IDH1_Negativ.pdf</value>
</item>
<item id="356" index="34" type="list">
<value index="1">11 - 50</value>
</item>
<item id="357" index="35" type="list">
<value index="0">1 - 3 days</value>
</item>
<item id="358" index="36" type="list">
<value index="1">11 - 20</value>
</item>
<item id="359" index="37" type="list">
<value index="1">No</value>
</item>
<item id="360" index="38" type="list">
<value index="0">ISO 15189</value>
</item>
<item id="361" index="39" type="list">
<value index="0">Sufficient</value>
</item>
<item id="362" index="40" type="file">
<value index="0">https://fs27.formsite.com/Diaceutics/files/f-31-362-3897758_fzzy8sKX_FLT3-ITD_Positiv.pdf</value>
</item>
<item id="363" index="41" type="file">
<value index="0">https://fs27.formsite.com/Diaceutics/files/f-31-363-3897758_Tww0HfIF_FLT3-ITD_Negativ.pdf</value>
</item>
<item id="365" index="44" type="list">
<value index="0">&#8804;10</value>
</item>
<item id="366" index="45" type="list">
<value index="2">8 - 12 days</value>
</item>
<item id="367" index="46" type="list">
<value index="1">11 - 20</value>
</item>
<item id="368" index="47" type="list">
<value index="1">No</value>
</item>
<item id="369" index="48" type="list">
<value index="0">ISO 15189</value>
</item>
<item id="370" index="49" type="list">
<value index="0">Sufficient</value>
</item>
<item id="371" index="50" type="file">
<value index="0">https://fs27.formsite.com/Diaceutics/files/f-31-371-3897758_exhObH4f_FLT3-TKD_Positiv.pdf</value>
</item>
<item id="372" index="51" type="file">
<value index="0">https://fs27.formsite.com/Diaceutics/files/f-31-372-3897758_jsERA9xZ_FLT3-TKD_Negativ.pdf</value>
</item>
<item id="374" index="54" type="list">
<value index="1">11 - 50</value>
</item>
<item id="375" index="55" type="list">
<value index="1">4 - 7 days</value>
</item>
<item id="376" index="56" type="list">
<value index="4">&gt;40</value>
</item>
<item id="377" index="57" type="list">
<value index="0">Yes</value>
</item>
<item id="378" index="58" type="list">
<value index="0">ISO 15189</value>
</item>
<item id="379" index="59" type="list">
<value index="0">Sufficient</value>
</item>
<item id="380" index="60" type="file">
<value index="0">https://fs27.formsite.com/Diaceutics/files/f-31-380-3897758_MxtBhSWR_IGHV_Positiv.pdf</value>
</item>
<item id="381" index="61" type="file">
<value index="0">https://fs27.formsite.com/Diaceutics/files/f-31-381-3897758_lDENNvbl_IGHV_Negativ.pdf</value>
</item>
<item id="383" index="64" type="list">
<value index="1">11 - 50</value>
</item>
<item id="384" index="65" type="list">
<value index="1">4 - 7 days</value>
</item>
<item id="385" index="66" type="list">
<value index="0">&#8804;10</value>
</item>
<item id="386" index="67" type="list">
<value index="0">Yes</value>
</item>
<item id="387" index="68" type="list">
<value index="0">ISO 15189</value>
</item>
<item id="388" index="69" type="list">
<value index="0">Sufficient</value>
</item>
<item id="389" index="70" type="file">
<value index="0">https://fs27.formsite.com/Diaceutics/files/f-31-389-3897758_PG5an2WD_TP53_Positiv.pdf</value>
</item>
<item id="390" index="71" type="file">
<value index="0">https://fs27.formsite.com/Diaceutics/files/f-31-390-3897758_hiYyGXDq_TP53_Negativ.pdf</value>
</item>
</items></result>
</results>
<total_results>
12</total_results>
</fs_response>
